// Jest Snapshot v1, https://goo.gl/fbAQLP

exports[`useDoDItemsLineChart snapshot 1`] = `
<div>
  
  <div>
    <div
      class=""
      style="max-width: 100%; position: relative;"
    >
      <canvas
        height="0"
        id="line-chart"
        style="max-width: 100%; max-height: 100%; display: block; box-sizing: border-box; height: 0px; width: 0px;"
        width="0"
      />
    </div>
  </div>
  <div>
    <div
      class=""
      style="max-width: 100%; position: relative;"
    >
      <canvas
        height="0"
        id="line-chart"
        style="max-width: 100%; max-height: 100%; display: block; box-sizing: border-box; height: 0px; width: 0px;"
        width="0"
      />
    </div>
  </div>
  
</div>
`;
